Running as unit: fleet-engine-1.service
run-main: preflight
run-main: kata — record /home/exedev/plans/run-1.kata.json → https://kata.int.exe.xyz
run-main: tiers — 7 null tier slot(s) stamped mostCapable (uniform driver fill; per-task tier is the intent document's slot, #243)
run-main: provision — BASE d24511baa1e94fa18fbac2ff10287b5ec2db490f; 7 task clone(s) + integration
run-main: engine — waves 1/2/2/1/1, width bound 2, patch input armed
jev: status 403
jev: status 403
jev: status 403
jev: status 403
jev: status 403
jev: status 403
jev: status 403
jev: status 403
jev: status 403
jev: status 403
jev: status 403
jev: status 403
jev: status 403
jev: status 403
jev: status 403
jev: status 403
jev: status 403
jev: status 403
jev: status 403
jev: status 403
jev: status 403
jev: status 403
jev: status 403
jev: status 403
jev: status 403
jev: status 403
jev: status 403
jev: status 403
jev: status 403
jev: status 403
jev: status 403
jev: status 403
jev: status 403
jev: status 403
jev: status 403
jev: status 403
jev: status 403
jev: status 403
jev: status 403
jev: status 403
jev: status 403
jev: status 403
jev: status 403
jev: status 403
jev: status 403
jev: status 403
jev: status 403
jev: status 403
jev: status 403
jev: status 403
jev: status 403
jev: status 403
jev: status 403
run-main: engine-done — report saved
run-main: finalize
run-main: gate
run-main: approve
run-main: approved — ultra/integration-run-1
Finished with result: success
Main processes terminated with: code=exited/status=0
Service runtime: 59min 45.885s
CPU time consumed: 3min 22.065s
Memory peak: 1.5M
Memory swap peak: 0B
